"""
	DBusLastfm
	
	@author: Jean-Lou Dupont
"""
import os
import sys
from dbus.mainloop.glib import DBusGMainLoop
from twisted.application import internet, service
from twisted.internet import reactor
from twisted.python import log

DBusGMainLoop(set_as_default=True)

if "debug" in os.environ:
	print "debug..."
	cpath=os.path.dirname(__file__)
	sys.path.insert(0, cpath)
else:
	print "normal..."
	## Adjust path for install location
	sys.path.append("/usr/lib/dlastfm")

application = service.Application('dlastfmservice')

class BusLogger(object):
    def __call__(self, msg):
        log.msg(msg)


## Initializes the Message Bus
## ===========================
from dbus_lastfm_service.mbus import Bus
Bus.logger=BusLogger()
#Bus.debug=True

## Initializes the modules
## =======================
import dbus_lastfm_service.user
import dbus_lastfm_service.api.account
import dbus_lastfm_service.api.track
import dbus_lastfm_service.logger
import dbus_lastfm_service.ws_method
import dbus_lastfm_service.ws_response

## GUI
## ===
import dbus_lastfm